// Jest Snapshot v1, https://goo.gl/fbAQLP

exports[`<SelectFilters /> Snapshot renders correctly 1`] = `
<ReactSelect
  className="objectlist-select-filter"
  getOptionLabel={[Function]}
  getOptionValue={[Function]}
  onChange={[MockFunction]}
  openMenuOnClick={true}
  options={
    Array [
      Object {
        "Renderer": [Function],
        "key": "c",
        "props": Object {},
      },
    ]
  }
  placeholder="Add Filter"
  styles={
    Object {
      "menu": [Function],
      "menuList": [Function],
    }
  }
  value={null}
/>
`;
