// Jest Snapshot v1, https://goo.gl/fbAQLP

exports[`Relation type snapshot tests 1`] = `
<span
  className="text-muted"
>
  -
</span>
`;

exports[`Relation type snapshot tests 2`] = `
<span
  className="text-muted"
>
  -
</span>
`;

exports[`Relation type snapshot tests 3`] = `
<div
  className=""
>
  <div>
    <div>
      <div>
        TestModel 1
      </div>
    </div>
  </div>
</div>
`;

exports[`Relation type snapshot tests 4`] = `
<div
  className=""
>
  <div>
    <div>
      <div>
        TestModel 1
      </div>
    </div>
  </div>
</div>
`;

exports[`Relation type snapshot tests 5`] = `
<div
  className=""
>
  <div>
    <div>
      <div>
        TestModel 1
      </div>
    </div>
  </div>
</div>
`;

exports[`Relation type snapshot tests 6`] = `
<div
  className=""
>
  <div>
    <div>
      <div>
        TestModel 1
      </div>
    </div>
  </div>
</div>
`;

exports[`Relation type snapshot tests 7`] = `
<div
  className=""
>
  <div>
    <div>
      <div>
        TestModel 1
      </div>
    </div>
  </div>
</div>
`;

exports[`Relation type snapshot tests 8`] = `
<div
  className=""
>
  <div>
    <div>
      <div>
        TestModel 1
      </div>
    </div>
  </div>
</div>
`;
