// Jest Snapshot v1, https://goo.gl/fbAQLP

exports[`Currency Snapshots renders default 1`] = `
<div
  className="apilist-currency-filter apilist-current-filter__active-status"
>
  <span
    className="apilist-currency-filter__symbol"
  >
    $
  </span>
  <input
    className="apilist-input apilist-input--currency"
    onChange={[Function]}
    type="text"
    value="25.08"
  />
  <span
    className="apilist-currency-filter__decimal"
  >
    .00
  </span>
</div>
`;

exports[`Currency Snapshots renders with custom currency symbol 1`] = `
<div
  className="apilist-currency-filter apilist-current-filter__active-status"
>
  <span
    className="apilist-currency-filter__symbol"
  >
    %
  </span>
  <input
    className="apilist-input apilist-input--currency"
    onChange={[Function]}
    type="text"
    value="25.08"
  />
  <span
    className="apilist-currency-filter__decimal"
  >
    .00
  </span>
</div>
`;
