// Jest Snapshot v1, https://goo.gl/fbAQLP

exports[`FilterComparison Snapshots renders default 1`] = `
<div
  className="objectlist-current-filter__filter-comparison"
>
  <Select
    clearable={false}
    onChange={[Function]}
    options={
      Array [
        Object {
          "label": "Test This",
          "value": "test",
        },
      ]
    }
    value="test"
  />
</div>
`;
