// Jest Snapshot v1, https://goo.gl/fbAQLP

exports[`RemoveFilter Snapshots renders default 1`] = `
<button
  className="objectlist-button objectlist-button--delete objectlist-button--icon objectlist-button--borderless"
  onClick={[MockFunction]}
  title="Remove Filter"
>
  <i
    className="fa fa-minus-circle"
  />
</button>
`;
