// Jest Snapshot v1, https://goo.gl/fbAQLP

exports[`Table Header Snapshots renders correctly 1`] = `
<th
  className="objectlist-table__th objectlist-table__th--border-bottom "
  style={Object {}}
>
  HeaderField
</th>
`;

exports[`Table Header Snapshots renders correctly with multiple header items 1`] = `
<th
  className="objectlist-table__th objectlist-table__th--border-bottom "
  style={Object {}}
>
  HeaderField
  HeaderField
</th>
`;
